// Jest Snapshot v1, https://goo.gl/fbAQLP

exports[`should render the components 1`] = `
<ul
  className="report-list"
>
  <li
    className="report-item"
  >
    <div
      className="row"
    >
      <div
        className="col-xs-10"
      >
        <div
          className="row"
        >
          <dl
            className="col-xs-5"
          >
            <dt>
              Id:
            </dt>
            <dd>
              bcada
            </dd>
          </dl>
          <dl
            className="col-xs-5"
          >
            <dt>
              Type:
            </dt>
            <dd>
              scam
            </dd>
          </dl>
        </div>
        <div
          className="row"
        >
          <dl
            className="col-xs-5"
          >
            <dt>
              State:
            </dt>
            <dd>
              open
            </dd>
          </dl>
          <dl
            className="col-xs-5"
          >
            <dt>
              Message:
            </dt>
            <dd>
              Test
            </dd>
          </dl>
        </div>
      </div>
      <div
        className="col-xs-2"
      >
        <button
          className="btn btn-warning"
          disabled={false}
          onClick={[Function]}
          type="button"
        >
          Block
        </button>
        <button
          className="btn btn-success"
          disabled={false}
          onClick={[Function]}
          type="button"
        >
          Resolve
        </button>
      </div>
    </div>
  </li>
</ul>
`;
